2026-02-12 19:44:52.354 [info] [main] Log level: Info
2026-02-12 19:44:52.354 [info] [main] Validating found git in: "git"
2026-02-12 19:44:52.354 [info] [main] Using git "2.53.0" from "git"
2026-02-12 19:44:52.354 [info] [Model][doInitialScan] Initial repository scan started
2026-02-12 19:44:52.354 [info] [Model][doInitialScan] Initial repository scan completed - repositories (0), closed repositories (0), parent repositories (0), unsafe repositories (0)
2026-02-12 19:45:06.597 [info] [main] Log level: Info
2026-02-12 19:45:06.597 [info] [main] Validating found git in: "git"
2026-02-12 19:45:06.597 [info] [main] Using git "2.53.0" from "git"
2026-02-12 19:45:06.597 [info] [Model][doInitialScan] Initial repository scan started
2026-02-12 19:45:06.597 [info] > git rev-parse --show-toplevel [6ms]
2026-02-12 19:45:06.597 [info] fatal: not a git repository (or any parent up to mount point /)
Stopping at filesystem boundary (GIT_DISCOVERY_ACROSS_FILESYSTEM not set).
2026-02-12 19:45:06.606 [info] > git rev-parse --show-toplevel [2ms]
2026-02-12 19:45:06.606 [info] fatal: not a git repository (or any parent up to mount point /)
Stopping at filesystem boundary (GIT_DISCOVERY_ACROSS_FILESYSTEM not set).
2026-02-12 19:45:06.614 [info] > git rev-parse --show-toplevel [2ms]
2026-02-12 19:45:06.614 [info] fatal: not a git repository (or any parent up to mount point /)
Stopping at filesystem boundary (GIT_DISCOVERY_ACROSS_FILESYSTEM not set).
2026-02-12 19:45:06.614 [info] [Model][doInitialScan] Initial repository scan completed - repositories (0), closed repositories (0), parent repositories (0), unsafe repositories (0)
2026-02-12 19:45:07.457 [info] > git rev-parse --show-toplevel [3ms]
2026-02-12 19:45:07.457 [info] fatal: not a git repository (or any parent up to mount point /)
Stopping at filesystem boundary (GIT_DISCOVERY_ACROSS_FILESYSTEM not set).
2026-02-12 19:45:07.846 [info] > git rev-parse --show-toplevel [2ms]
2026-02-12 19:45:07.846 [info] fatal: not a git repository (or any parent up to mount point /)
Stopping at filesystem boundary (GIT_DISCOVERY_ACROSS_FILESYSTEM not set).
2026-02-12 19:45:07.947 [info] > git rev-parse --show-toplevel [2ms]
2026-02-12 19:45:07.947 [info] fatal: not a git repository (or any parent up to mount point /)
Stopping at filesystem boundary (GIT_DISCOVERY_ACROSS_FILESYSTEM not set).
2026-02-12 19:45:08.769 [info] > git rev-parse --show-toplevel [2ms]
2026-02-12 19:45:08.769 [info] fatal: not a git repository (or any parent up to mount point /)
Stopping at filesystem boundary (GIT_DISCOVERY_ACROSS_FILESYSTEM not set).
2026-02-12 19:45:09.393 [info] > git rev-parse --show-toplevel [3ms]
2026-02-12 19:45:09.393 [info] fatal: not a git repository (or any parent up to mount point /)
Stopping at filesystem boundary (GIT_DISCOVERY_ACROSS_FILESYSTEM not set).
2026-02-12 19:45:10.012 [info] > git rev-parse --show-toplevel [2ms]
2026-02-12 19:45:10.012 [info] fatal: not a git repository (or any parent up to mount point /)
Stopping at filesystem boundary (GIT_DISCOVERY_ACROSS_FILESYSTEM not set).
2026-02-12 19:45:12.186 [info] > git rev-parse --show-toplevel [3ms]
2026-02-12 19:45:12.186 [info] fatal: not a git repository (or any parent up to mount point /)
Stopping at filesystem boundary (GIT_DISCOVERY_ACROSS_FILESYSTEM not set).
2026-02-12 19:45:12.951 [info] > git rev-parse --show-toplevel [3ms]
2026-02-12 19:45:12.951 [info] fatal: not a git repository (or any parent up to mount point /)
Stopping at filesystem boundary (GIT_DISCOVERY_ACROSS_FILESYSTEM not set).
2026-02-12 19:45:13.325 [info] > git rev-parse --show-toplevel [2ms]
2026-02-12 19:45:13.325 [info] fatal: not a git repository (or any parent up to mount point /)
Stopping at filesystem boundary (GIT_DISCOVERY_ACROSS_FILESYSTEM not set).
2026-02-12 19:45:14.182 [info] > git rev-parse --show-toplevel [3ms]
2026-02-12 19:45:14.182 [info] fatal: not a git repository (or any parent up to mount point /)
Stopping at filesystem boundary (GIT_DISCOVERY_ACROSS_FILESYSTEM not set).
