2026-02-12 19:44:51.850 [info] Extension host with pid 74650 started
2026-02-12 19:44:51.889 [info] ExtensionService#_doActivateExtension vscode.github-authentication, startup: false, activationEvent: 'onAuthenticationRequest:github'
2026-02-12 19:44:51.954 [info] ExtensionService#_doActivateExtension vscode.git-base, startup: true, activationEvent: '*', root cause: vscode.git
2026-02-12 19:44:51.961 [info] ExtensionService#_doActivateExtension be5invis.vscode-custom-css, startup: true, activationEvent: '*'
2026-02-12 19:44:52.013 [info] ExtensionService#_doActivateExtension vscode.git, startup: true, activationEvent: '*'
2026-02-12 19:44:52.135 [info] ExtensionService#_doActivateExtension vscode.github, startup: true, activationEvent: '*'
2026-02-12 19:44:52.340 [info] Eager extensions activated
2026-02-12 19:44:52.407 [info] ExtensionService#_doActivateExtension vscode.debug-auto-launch, startup: false, activationEvent: 'onStartupFinished'
2026-02-12 19:44:52.424 [info] ExtensionService#_doActivateExtension vscode.merge-conflict, startup: false, activationEvent: 'onStartupFinished'
2026-02-12 19:44:52.451 [info] ExtensionService#_doActivateExtension alexdauenhauer.catppuccin-noctis-icons, startup: false, activationEvent: 'onStartupFinished'
2026-02-12 19:44:52.458 [info] ExtensionService#_doActivateExtension BrandonKirbyson.vscode-animations, startup: false, activationEvent: 'onStartupFinished'
2026-02-12 19:44:52.460 [info] ExtensionService#_doActivateExtension drcika.apc-extension, startup: false, activationEvent: 'onStartupFinished'
2026-02-12 19:44:52.469 [error] Activating extension drcika.apc-extension failed due to an error:
2026-02-12 19:44:52.469 [error] TypeError: Cannot read properties of undefined (reading 'filename')
	at Object.<anonymous> (/home/user/.vscode-oss/extensions/drcika.apc-extension-0.4.1-universal/dist/patch.js:17:52)
	at Module._compile (node:internal/modules/cjs/loader:1714:14)
	at Module._extensions..js (node:internal/modules/cjs/loader:1848:10)
	at Module.load (node:internal/modules/cjs/loader:1448:32)
	at Module._load (node:internal/modules/cjs/loader:1270:12)
	at c._load (node:electron/js2c/node_init:2:17993)
	at e._load (file:///usr/lib/code/out/vs/workbench/api/node/extensionHostProcess.js:404:6048)
	at t._load (file:///usr/lib/code/out/vs/workbench/api/node/extensionHostProcess.js:222:22598)
	at r._load (file:///usr/lib/code/out/vs/workbench/api/node/extensionHostProcess.js:214:24094)
	at TracingChannel.traceSync (node:diagnostics_channel:328:14)
	at wrapModuleLoad (node:internal/modules/cjs/loader:244:24)
	at Module.require (node:internal/modules/cjs/loader:1470:12)
	at require (node:internal/modules/helpers:147:16)
	at Object.<anonymous> (/home/user/.vscode-oss/extensions/drcika.apc-extension-0.4.1-universal/dist/extension.js:7:17)
	at Module._compile (node:internal/modules/cjs/loader:1714:14)
	at Module._extensions..js (node:internal/modules/cjs/loader:1848:10)
	at Module.load (node:internal/modules/cjs/loader:1448:32)
	at Module._load (node:internal/modules/cjs/loader:1270:12)
	at c._load (node:electron/js2c/node_init:2:17993)
	at e._load (file:///usr/lib/code/out/vs/workbench/api/node/extensionHostProcess.js:404:6048)
	at t._load (file:///usr/lib/code/out/vs/workbench/api/node/extensionHostProcess.js:222:22598)
	at r._load (file:///usr/lib/code/out/vs/workbench/api/node/extensionHostProcess.js:214:24094)
	at TracingChannel.traceSync (node:diagnostics_channel:328:14)
	at wrapModuleLoad (node:internal/modules/cjs/loader:244:24)
	at Module.require (node:internal/modules/cjs/loader:1470:12)
	at require (node:internal/modules/helpers:147:16)
	at HX.Cb (file:///usr/lib/code/out/vs/workbench/api/node/extensionHostProcess.js:253:1253)
2026-02-12 19:44:52.550 [error] CodeExpectedError: Unable to write into user settings. Please open the user settings to correct errors/warnings in it and try again.
    at rEt.z (vscode-file://vscode-app/usr/lib/code/out/vs/workbench/workbench.desktop.main.js:3853:6793)
    at rEt.p (vscode-file://vscode-app/usr/lib/code/out/vs/workbench/workbench.desktop.main.js:3853:4122)
    at rEt.o (vscode-file://vscode-app/usr/lib/code/out/vs/workbench/workbench.desktop.main.js:3853:4013)
    at async Object.factory (vscode-file://vscode-app/usr/lib/code/out/vs/workbench/workbench.desktop.main.js:3853:3763)
2026-02-12 19:44:52.554 [info] ExtensionService#_doActivateExtension vscode.configuration-editing, startup: false, activationEvent: 'onLanguage:jsonc'
2026-02-12 19:44:52.568 [info] ExtensionService#_doActivateExtension vscode.json-language-features, startup: false, activationEvent: 'onLanguage:jsonc'
2026-02-12 19:44:52.668 [info] ExtensionService#_doActivateExtension vscode.typescript-language-features, startup: false, activationEvent: 'onLanguage:jsonc'
2026-02-12 19:44:52.756 [info] ExtensionService#_doActivateExtension vscode.emmet, startup: false, activationEvent: 'onLanguage'
2026-02-12 19:44:52.782 [error] CodeExpectedError: Unable to write into user settings. Please open the user settings to correct errors/warnings in it and try again.
    at rEt.z (vscode-file://vscode-app/usr/lib/code/out/vs/workbench/workbench.desktop.main.js:3853:6793)
    at rEt.p (vscode-file://vscode-app/usr/lib/code/out/vs/workbench/workbench.desktop.main.js:3853:4122)
    at rEt.o (vscode-file://vscode-app/usr/lib/code/out/vs/workbench/workbench.desktop.main.js:3853:4013)
    at async Object.factory (vscode-file://vscode-app/usr/lib/code/out/vs/workbench/workbench.desktop.main.js:3853:3763)
2026-02-12 19:44:52.784 [error] CodeExpectedError: Unable to write into user settings. Please open the user settings to correct errors/warnings in it and try again.
    at rEt.z (vscode-file://vscode-app/usr/lib/code/out/vs/workbench/workbench.desktop.main.js:3853:6793)
    at rEt.p (vscode-file://vscode-app/usr/lib/code/out/vs/workbench/workbench.desktop.main.js:3853:4122)
    at rEt.o (vscode-file://vscode-app/usr/lib/code/out/vs/workbench/workbench.desktop.main.js:3853:4013)
    at async Object.factory (vscode-file://vscode-app/usr/lib/code/out/vs/workbench/workbench.desktop.main.js:3853:3763)
2026-02-12 19:44:52.868 [error] CodeExpectedError: Unable to write into user settings. Please open the user settings to correct errors/warnings in it and try again.
    at rEt.z (vscode-file://vscode-app/usr/lib/code/out/vs/workbench/workbench.desktop.main.js:3853:6793)
    at rEt.p (vscode-file://vscode-app/usr/lib/code/out/vs/workbench/workbench.desktop.main.js:3853:4122)
    at rEt.o (vscode-file://vscode-app/usr/lib/code/out/vs/workbench/workbench.desktop.main.js:3853:4013)
    at async Object.factory (vscode-file://vscode-app/usr/lib/code/out/vs/workbench/workbench.desktop.main.js:3853:3763)
2026-02-12 19:44:52.877 [error] CodeExpectedError: Unable to write into user settings. Please open the user settings to correct errors/warnings in it and try again.
    at rEt.z (vscode-file://vscode-app/usr/lib/code/out/vs/workbench/workbench.desktop.main.js:3853:6793)
    at rEt.p (vscode-file://vscode-app/usr/lib/code/out/vs/workbench/workbench.desktop.main.js:3853:4122)
    at rEt.o (vscode-file://vscode-app/usr/lib/code/out/vs/workbench/workbench.desktop.main.js:3853:4013)
    at async Object.factory (vscode-file://vscode-app/usr/lib/code/out/vs/workbench/workbench.desktop.main.js:3853:3763)
2026-02-12 19:44:52.893 [error] CodeExpectedError: Unable to write into user settings. Please open the user settings to correct errors/warnings in it and try again.
    at rEt.z (vscode-file://vscode-app/usr/lib/code/out/vs/workbench/workbench.desktop.main.js:3853:6793)
    at rEt.p (vscode-file://vscode-app/usr/lib/code/out/vs/workbench/workbench.desktop.main.js:3853:4122)
    at rEt.o (vscode-file://vscode-app/usr/lib/code/out/vs/workbench/workbench.desktop.main.js:3853:4013)
    at async Object.factory (vscode-file://vscode-app/usr/lib/code/out/vs/workbench/workbench.desktop.main.js:3853:3763)
2026-02-12 19:44:53.414 [error] CodeExpectedError: Unable to write into user settings. Please open the user settings to correct errors/warnings in it and try again.
    at rEt.z (vscode-file://vscode-app/usr/lib/code/out/vs/workbench/workbench.desktop.main.js:3853:6793)
    at rEt.p (vscode-file://vscode-app/usr/lib/code/out/vs/workbench/workbench.desktop.main.js:3853:4122)
    at rEt.o (vscode-file://vscode-app/usr/lib/code/out/vs/workbench/workbench.desktop.main.js:3853:4013)
    at async Object.factory (vscode-file://vscode-app/usr/lib/code/out/vs/workbench/workbench.desktop.main.js:3853:3763)
2026-02-12 19:44:53.425 [error] CodeExpectedError: Unable to write into user settings. Please open the user settings to correct errors/warnings in it and try again.
    at rEt.z (vscode-file://vscode-app/usr/lib/code/out/vs/workbench/workbench.desktop.main.js:3853:6793)
    at rEt.p (vscode-file://vscode-app/usr/lib/code/out/vs/workbench/workbench.desktop.main.js:3853:4122)
    at rEt.o (vscode-file://vscode-app/usr/lib/code/out/vs/workbench/workbench.desktop.main.js:3853:4013)
    at async Object.factory (vscode-file://vscode-app/usr/lib/code/out/vs/workbench/workbench.desktop.main.js:3853:3763)
2026-02-12 19:44:53.434 [error] CodeExpectedError: Unable to write into user settings. Please open the user settings to correct errors/warnings in it and try again.
    at rEt.z (vscode-file://vscode-app/usr/lib/code/out/vs/workbench/workbench.desktop.main.js:3853:6793)
    at rEt.p (vscode-file://vscode-app/usr/lib/code/out/vs/workbench/workbench.desktop.main.js:3853:4122)
    at rEt.o (vscode-file://vscode-app/usr/lib/code/out/vs/workbench/workbench.desktop.main.js:3853:4013)
    at async Object.factory (vscode-file://vscode-app/usr/lib/code/out/vs/workbench/workbench.desktop.main.js:3853:3763)
2026-02-12 19:45:00.425 [error] CodeExpectedError: Unable to write into user settings. Please open the user settings to correct errors/warnings in it and try again.
    at rEt.z (vscode-file://vscode-app/usr/lib/code/out/vs/workbench/workbench.desktop.main.js:3853:6793)
    at rEt.p (vscode-file://vscode-app/usr/lib/code/out/vs/workbench/workbench.desktop.main.js:3853:4122)
    at rEt.o (vscode-file://vscode-app/usr/lib/code/out/vs/workbench/workbench.desktop.main.js:3853:4013)
    at async Object.factory (vscode-file://vscode-app/usr/lib/code/out/vs/workbench/workbench.desktop.main.js:3853:3763)
2026-02-12 19:45:00.440 [error] CodeExpectedError: Unable to write into user settings. Please open the user settings to correct errors/warnings in it and try again.
    at rEt.z (vscode-file://vscode-app/usr/lib/code/out/vs/workbench/workbench.desktop.main.js:3853:6793)
    at rEt.p (vscode-file://vscode-app/usr/lib/code/out/vs/workbench/workbench.desktop.main.js:3853:4122)
    at rEt.o (vscode-file://vscode-app/usr/lib/code/out/vs/workbench/workbench.desktop.main.js:3853:4013)
    at async Object.factory (vscode-file://vscode-app/usr/lib/code/out/vs/workbench/workbench.desktop.main.js:3853:3763)
2026-02-12 19:45:00.452 [error] CodeExpectedError: Unable to write into user settings. Please open the user settings to correct errors/warnings in it and try again.
    at rEt.z (vscode-file://vscode-app/usr/lib/code/out/vs/workbench/workbench.desktop.main.js:3853:6793)
    at rEt.p (vscode-file://vscode-app/usr/lib/code/out/vs/workbench/workbench.desktop.main.js:3853:4122)
    at rEt.o (vscode-file://vscode-app/usr/lib/code/out/vs/workbench/workbench.desktop.main.js:3853:4013)
    at async Object.factory (vscode-file://vscode-app/usr/lib/code/out/vs/workbench/workbench.desktop.main.js:3853:3763)
2026-02-12 19:45:04.590 [info] Extension host terminating: renderer closed the MessagePort
2026-02-12 19:45:04.615 [info] Extension host with pid 74650 exiting with code 0
2026-02-12 19:45:06.327 [info] Extension host with pid 75194 started
2026-02-12 19:45:06.328 [info] Skipping acquiring lock for /home/user/.config/Code - OSS/User/workspaceStorage/7fa3a36753369424c5d94aac9be7f1b5.
2026-02-12 19:45:06.344 [info] ExtensionService#_doActivateExtension vscode.github-authentication, startup: false, activationEvent: 'onAuthenticationRequest:github'
2026-02-12 19:45:06.385 [info] ExtensionService#_doActivateExtension vscode.git-base, startup: true, activationEvent: '*', root cause: vscode.git
2026-02-12 19:45:06.388 [info] ExtensionService#_doActivateExtension be5invis.vscode-custom-css, startup: true, activationEvent: '*'
2026-02-12 19:45:06.440 [info] ExtensionService#_doActivateExtension vscode.git, startup: true, activationEvent: '*'
2026-02-12 19:45:06.503 [info] ExtensionService#_doActivateExtension vscode.github, startup: true, activationEvent: '*'
2026-02-12 19:45:06.640 [info] Eager extensions activated
2026-02-12 19:45:06.642 [info] ExtensionService#_doActivateExtension vscode.debug-auto-launch, startup: false, activationEvent: 'onStartupFinished'
2026-02-12 19:45:06.645 [info] ExtensionService#_doActivateExtension vscode.merge-conflict, startup: false, activationEvent: 'onStartupFinished'
2026-02-12 19:45:06.663 [info] ExtensionService#_doActivateExtension alexdauenhauer.catppuccin-noctis-icons, startup: false, activationEvent: 'onStartupFinished'
2026-02-12 19:45:06.666 [info] ExtensionService#_doActivateExtension BrandonKirbyson.vscode-animations, startup: false, activationEvent: 'onStartupFinished'
2026-02-12 19:45:06.669 [info] ExtensionService#_doActivateExtension drcika.apc-extension, startup: false, activationEvent: 'onStartupFinished'
2026-02-12 19:45:06.673 [error] Activating extension drcika.apc-extension failed due to an error:
2026-02-12 19:45:06.673 [error] TypeError: Cannot read properties of undefined (reading 'filename')
	at Object.<anonymous> (/home/user/.vscode-oss/extensions/drcika.apc-extension-0.4.1-universal/dist/patch.js:17:52)
	at Module._compile (node:internal/modules/cjs/loader:1714:14)
	at Module._extensions..js (node:internal/modules/cjs/loader:1848:10)
	at Module.load (node:internal/modules/cjs/loader:1448:32)
	at Module._load (node:internal/modules/cjs/loader:1270:12)
	at c._load (node:electron/js2c/node_init:2:17993)
	at e._load (file:///usr/lib/code/out/vs/workbench/api/node/extensionHostProcess.js:404:6048)
	at t._load (file:///usr/lib/code/out/vs/workbench/api/node/extensionHostProcess.js:222:22598)
	at r._load (file:///usr/lib/code/out/vs/workbench/api/node/extensionHostProcess.js:214:24094)
	at TracingChannel.traceSync (node:diagnostics_channel:328:14)
	at wrapModuleLoad (node:internal/modules/cjs/loader:244:24)
	at Module.require (node:internal/modules/cjs/loader:1470:12)
	at require (node:internal/modules/helpers:147:16)
	at Object.<anonymous> (/home/user/.vscode-oss/extensions/drcika.apc-extension-0.4.1-universal/dist/extension.js:7:17)
	at Module._compile (node:internal/modules/cjs/loader:1714:14)
	at Module._extensions..js (node:internal/modules/cjs/loader:1848:10)
	at Module.load (node:internal/modules/cjs/loader:1448:32)
	at Module._load (node:internal/modules/cjs/loader:1270:12)
	at c._load (node:electron/js2c/node_init:2:17993)
	at e._load (file:///usr/lib/code/out/vs/workbench/api/node/extensionHostProcess.js:404:6048)
	at t._load (file:///usr/lib/code/out/vs/workbench/api/node/extensionHostProcess.js:222:22598)
	at r._load (file:///usr/lib/code/out/vs/workbench/api/node/extensionHostProcess.js:214:24094)
	at TracingChannel.traceSync (node:diagnostics_channel:328:14)
	at wrapModuleLoad (node:internal/modules/cjs/loader:244:24)
	at Module.require (node:internal/modules/cjs/loader:1470:12)
	at require (node:internal/modules/helpers:147:16)
	at HX.Cb (file:///usr/lib/code/out/vs/workbench/api/node/extensionHostProcess.js:253:1253)
2026-02-12 19:45:06.724 [error] CodeExpectedError: Unable to write into user settings. Please open the user settings to correct errors/warnings in it and try again.
    at rEt.z (vscode-file://vscode-app/usr/lib/code/out/vs/workbench/workbench.desktop.main.js:3853:6793)
    at rEt.p (vscode-file://vscode-app/usr/lib/code/out/vs/workbench/workbench.desktop.main.js:3853:4122)
    at rEt.o (vscode-file://vscode-app/usr/lib/code/out/vs/workbench/workbench.desktop.main.js:3853:4013)
    at async Object.factory (vscode-file://vscode-app/usr/lib/code/out/vs/workbench/workbench.desktop.main.js:3853:3763)
2026-02-12 19:45:06.725 [info] ExtensionService#_doActivateExtension vscode.configuration-editing, startup: false, activationEvent: 'onLanguage:jsonc'
2026-02-12 19:45:06.734 [info] ExtensionService#_doActivateExtension vscode.json-language-features, startup: false, activationEvent: 'onLanguage:jsonc'
2026-02-12 19:45:06.795 [info] ExtensionService#_doActivateExtension vscode.typescript-language-features, startup: false, activationEvent: 'onLanguage:jsonc'
2026-02-12 19:45:06.848 [info] ExtensionService#_doActivateExtension vscode.emmet, startup: false, activationEvent: 'onLanguage'
2026-02-12 19:45:06.867 [error] CodeExpectedError: Unable to write into user settings. Please open the user settings to correct errors/warnings in it and try again.
    at rEt.z (vscode-file://vscode-app/usr/lib/code/out/vs/workbench/workbench.desktop.main.js:3853:6793)
    at rEt.p (vscode-file://vscode-app/usr/lib/code/out/vs/workbench/workbench.desktop.main.js:3853:4122)
    at rEt.o (vscode-file://vscode-app/usr/lib/code/out/vs/workbench/workbench.desktop.main.js:3853:4013)
    at async Object.factory (vscode-file://vscode-app/usr/lib/code/out/vs/workbench/workbench.desktop.main.js:3853:3763)
2026-02-12 19:45:06.868 [error] CodeExpectedError: Unable to write into user settings. Please open the user settings to correct errors/warnings in it and try again.
    at rEt.z (vscode-file://vscode-app/usr/lib/code/out/vs/workbench/workbench.desktop.main.js:3853:6793)
    at rEt.p (vscode-file://vscode-app/usr/lib/code/out/vs/workbench/workbench.desktop.main.js:3853:4122)
    at rEt.o (vscode-file://vscode-app/usr/lib/code/out/vs/workbench/workbench.desktop.main.js:3853:4013)
    at async Object.factory (vscode-file://vscode-app/usr/lib/code/out/vs/workbench/workbench.desktop.main.js:3853:3763)
2026-02-12 19:45:08.059 [error] CodeExpectedError: Unable to write into user settings. Please open the user settings to correct errors/warnings in it and try again.
    at rEt.z (vscode-file://vscode-app/usr/lib/code/out/vs/workbench/workbench.desktop.main.js:3853:6793)
    at rEt.p (vscode-file://vscode-app/usr/lib/code/out/vs/workbench/workbench.desktop.main.js:3853:4122)
    at rEt.o (vscode-file://vscode-app/usr/lib/code/out/vs/workbench/workbench.desktop.main.js:3853:4013)
    at async Object.factory (vscode-file://vscode-app/usr/lib/code/out/vs/workbench/workbench.desktop.main.js:3853:3763)
2026-02-12 19:45:08.106 [error] CodeExpectedError: Unable to write into user settings. Please open the user settings to correct errors/warnings in it and try again.
    at rEt.z (vscode-file://vscode-app/usr/lib/code/out/vs/workbench/workbench.desktop.main.js:3853:6793)
    at rEt.p (vscode-file://vscode-app/usr/lib/code/out/vs/workbench/workbench.desktop.main.js:3853:4122)
    at rEt.o (vscode-file://vscode-app/usr/lib/code/out/vs/workbench/workbench.desktop.main.js:3853:4013)
    at async Object.factory (vscode-file://vscode-app/usr/lib/code/out/vs/workbench/workbench.desktop.main.js:3853:3763)
2026-02-12 19:45:08.136 [error] CodeExpectedError: Unable to write into user settings. Please open the user settings to correct errors/warnings in it and try again.
    at rEt.z (vscode-file://vscode-app/usr/lib/code/out/vs/workbench/workbench.desktop.main.js:3853:6793)
    at rEt.p (vscode-file://vscode-app/usr/lib/code/out/vs/workbench/workbench.desktop.main.js:3853:4122)
    at rEt.o (vscode-file://vscode-app/usr/lib/code/out/vs/workbench/workbench.desktop.main.js:3853:4013)
    at async Object.factory (vscode-file://vscode-app/usr/lib/code/out/vs/workbench/workbench.desktop.main.js:3853:3763)
2026-02-12 19:45:18.592 [info] Extension host terminating: renderer closed the MessagePort
2026-02-12 19:45:18.604 [info] Extension host with pid 75194 exiting with code 0
