2026-01-28 10:42:39.054 [info] [main] Log level: Info
2026-01-28 10:42:39.054 [info] [main] Validating found git in: "git"
2026-01-28 10:42:39.054 [info] [main] Using git "2.52.0" from "git"
2026-01-28 10:42:39.054 [info] [Model][doInitialScan] Initial repository scan started
2026-01-28 10:42:39.054 [info] > git rev-parse --show-toplevel [4ms]
2026-01-28 10:42:39.054 [info] fatal: not a git repository (or any parent up to mount point /)
Stopping at filesystem boundary (GIT_DISCOVERY_ACROSS_FILESYSTEM not set).
2026-01-28 10:42:39.054 [info] [Model][doInitialScan] Initial repository scan completed - repositories (0), closed repositories (0), parent repositories (0), unsafe repositories (0)
2026-01-28 10:42:39.896 [info] > git rev-parse --show-toplevel [10ms]
2026-01-28 10:42:39.896 [info] fatal: not a git repository (or any parent up to mount point /)
Stopping at filesystem boundary (GIT_DISCOVERY_ACROSS_FILESYSTEM not set).
2026-01-28 10:42:46.897 [info] > git rev-parse --show-toplevel [2ms]
2026-01-28 10:42:46.897 [info] fatal: not a git repository (or any parent up to mount point /)
Stopping at filesystem boundary (GIT_DISCOVERY_ACROSS_FILESYSTEM not set).
2026-01-28 10:43:10.973 [info] > git rev-parse --show-toplevel [7ms]
2026-01-28 10:43:10.973 [info] fatal: not a git repository (or any parent up to mount point /)
Stopping at filesystem boundary (GIT_DISCOVERY_ACROSS_FILESYSTEM not set).
2026-01-28 10:43:13.704 [info] > git rev-parse --show-toplevel [4ms]
2026-01-28 10:43:13.704 [info] fatal: not a git repository (or any parent up to mount point /)
Stopping at filesystem boundary (GIT_DISCOVERY_ACROSS_FILESYSTEM not set).
2026-01-28 10:43:16.820 [info] > git rev-parse --show-toplevel [2ms]
2026-01-28 10:43:16.821 [info] fatal: not a git repository (or any parent up to mount point /)
Stopping at filesystem boundary (GIT_DISCOVERY_ACROSS_FILESYSTEM not set).
2026-01-28 10:43:18.947 [info] > git rev-parse --show-toplevel [2ms]
2026-01-28 10:43:18.947 [info] fatal: not a git repository (or any parent up to mount point /)
Stopping at filesystem boundary (GIT_DISCOVERY_ACROSS_FILESYSTEM not set).
