2026-01-22 11:40:53 Loading main app package /usr/lib/obsidian/obsidian.asar
2026-01-22 11:40:53 Checking for update using Github
2026-01-22 11:40:54 Success.
2026-01-22 11:40:54 Latest version is 1.11.5
2026-01-22 11:40:54 App is up to date.
2026-01-22 11:41:30 Loading main app package /usr/lib/obsidian/obsidian.asar
2026-01-22 11:41:31 Checking for update using Github
2026-01-22 11:41:31 Success.
2026-01-22 11:41:31 Latest version is 1.11.5
2026-01-22 11:41:31 App is up to date.
2026-01-22 13:10:43 Loading main app package /usr/lib/obsidian/obsidian.asar
2026-01-22 13:10:43 Checking for update using Github
2026-01-22 13:10:43 Success.
2026-01-22 13:10:43 Latest version is 1.11.5
2026-01-22 13:10:43 App is up to date.
2026-01-23 20:04:13 Loading main app package /usr/lib/obsidian/obsidian.asar
2026-01-23 20:04:14 Checking for update using Github
2026-01-23 20:04:14 Success.
2026-01-23 20:04:14 Latest version is 1.11.5
2026-01-23 20:04:14 App is up to date.
2026-01-24 16:53:49 Loading main app package /usr/lib/obsidian/obsidian.asar
2026-01-24 16:53:49 Checking for update using Github
2026-01-24 16:53:50 Success.
2026-01-24 16:53:50 Latest version is 1.11.5
2026-01-24 16:53:50 App is up to date.
2026-01-25 16:18:08 Loading main app package /usr/lib/obsidian/obsidian.asar
2026-01-25 16:18:08 Checking for update using Github
2026-01-25 16:18:09 Success.
2026-01-25 16:18:09 Latest version is 1.11.5
2026-01-25 16:18:09 App is up to date.
2026-01-25 16:49:30 Loading main app package /usr/lib/obsidian/obsidian.asar
2026-01-25 16:49:30 Checking for update using Github
2026-01-25 16:49:31 Success.
2026-01-25 16:49:31 Latest version is 1.11.5
2026-01-25 16:49:31 App is up to date.
2026-01-25 20:01:37 Loading main app package /usr/lib/obsidian/obsidian.asar
2026-01-25 20:01:38 Checking for update using Github
2026-01-25 20:01:39 Success.
2026-01-25 20:01:39 Latest version is 1.11.5
2026-01-25 20:01:39 App is up to date.
2026-01-27 16:02:05 Loading main app package /usr/lib/obsidian/obsidian.asar
2026-01-27 16:02:05 Checking for update using Github
2026-01-27 16:02:05 Success.
2026-01-27 16:02:05 Latest version is 1.11.5
2026-01-27 16:02:05 App is up to date.
2026-01-27 17:02:05 Checking for update using Github
2026-01-27 17:02:05 Success.
2026-01-27 17:02:05 Latest version is 1.11.5
2026-01-27 17:02:05 App is up to date.
2026-01-30 14:12:58 Loading main app package /usr/lib/obsidian/obsidian.asar
2026-01-30 14:12:58 Checking for update using Github
2026-01-30 14:12:58 Success.
2026-01-30 14:12:58 Latest version is 1.11.5
2026-01-30 14:12:58 App is up to date.
2026-02-01 09:44:54 Loading main app package /usr/lib/obsidian/obsidian.asar
2026-02-01 09:44:54 Checking for update using Github
2026-02-01 09:44:54 Success.
2026-02-01 09:44:54 Latest version is 1.11.5
2026-02-01 09:44:54 App is up to date.
2026-02-04 09:58:50 Loading main app package /usr/lib/obsidian/obsidian.asar
2026-02-04 09:58:50 Loading main app package /usr/lib/obsidian/obsidian.asar
2026-02-04 09:58:50 Checking for update using Github
2026-02-04 09:58:51 Checking for update using Github
2026-02-04 09:58:51 Success.
2026-02-04 09:58:51 Latest version is 1.11.5
2026-02-04 09:58:51 App is up to date.
2026-02-13 08:20:23 Loaded main app package /usr/lib/obsidian/obsidian.asar
2026-02-13 08:20:23 Checking for update using Github
2026-02-13 08:20:24 Success.
2026-02-13 08:20:24 Latest version is 1.11.7
2026-02-13 08:20:24 App is up to date.
