2026-02-01 14:36:19.299 [info] [main] Log level: Info
2026-02-01 14:36:19.299 [info] [main] Validating found git in: "git"
2026-02-01 14:36:19.299 [info] [main] Using git "2.52.0" from "git"
2026-02-01 14:36:19.299 [info] [Model][doInitialScan] Initial repository scan started
2026-02-01 14:36:19.299 [info] > git rev-parse --show-toplevel [6ms]
2026-02-01 14:36:19.299 [info] fatal: not a git repository (or any parent up to mount point /)
Stopping at filesystem boundary (GIT_DISCOVERY_ACROSS_FILESYSTEM not set).
2026-02-01 14:36:19.299 [info] [Model][doInitialScan] Initial repository scan completed - repositories (0), closed repositories (0), parent repositories (0), unsafe repositories (0)
2026-02-01 14:36:20.044 [info] > git rev-parse --show-toplevel [2ms]
2026-02-01 14:36:20.044 [info] fatal: not a git repository (or any parent up to mount point /)
Stopping at filesystem boundary (GIT_DISCOVERY_ACROSS_FILESYSTEM not set).
2026-02-01 14:36:25.880 [info] > git rev-parse --show-toplevel [6ms]
2026-02-01 14:36:25.880 [info] fatal: not a git repository (or any parent up to mount point /)
Stopping at filesystem boundary (GIT_DISCOVERY_ACROSS_FILESYSTEM not set).
2026-02-01 14:36:26.704 [info] > git rev-parse --show-toplevel [2ms]
2026-02-01 14:36:26.704 [info] fatal: not a git repository (or any parent up to mount point /)
Stopping at filesystem boundary (GIT_DISCOVERY_ACROSS_FILESYSTEM not set).
2026-02-01 14:36:29.179 [info] > git rev-parse --show-toplevel [3ms]
2026-02-01 14:36:29.179 [info] fatal: not a git repository (or any parent up to mount point /)
Stopping at filesystem boundary (GIT_DISCOVERY_ACROSS_FILESYSTEM not set).
2026-02-01 14:36:30.660 [info] > git rev-parse --show-toplevel [2ms]
2026-02-01 14:36:30.660 [info] fatal: not a git repository (or any parent up to mount point /)
Stopping at filesystem boundary (GIT_DISCOVERY_ACROSS_FILESYSTEM not set).
