00:00:00.696634 VirtualBox GUI VM Selector Window 7.2.6 r172322 linux.amd64 (Jan 28 2026 17:11:43) release log
00:00:00.696637 Log opened 2026-02-13T09:48:05.144399000Z
00:00:00.696638 Build Type: release
00:00:00.696641 OS Product: Linux
00:00:00.696642 OS Release: 6.18.9-zen1-2-zen
00:00:00.696643 OS Version: #1 ZEN SMP PREEMPT_DYNAMIC Mon, 09 Feb 2026 17:45:06 +0000
00:00:00.696684 DMI Product Name: Aspire A315-24P
00:00:00.696728 DMI Product Version: V1.09
00:00:00.696740 Firmware type: UEFI
00:00:00.696918 Secure Boot: Disabled
00:00:00.696988 Host RAM: 7160MB (6.9GB) total, 5255MB (5.1GB) available
00:00:00.696992 Executable: /usr/lib/virtualbox/VirtualBox
00:00:00.696992 Process ID: 45102
00:00:00.696993 Package type: LINUX_64BITS_GENERIC (OSE)
00:00:00.697039 Qt version: 6.10.2
00:00:00.698289 GUI: UIMediumEnumerator: Initial medium-enumeration finished!
00:00:00.723391 GUI: UIMediumEnumerator: Medium-enumeration started...
00:00:01.932549 GUI: UIDesktopWidgetWatchdog::sltHandleHostScreenAvailableGeometryCalculated: Screen 0 work area is actually resized to: 0x28 x 1920x1052
00:00:01.945716 GUI: UIMediumEnumerator: Medium-enumeration finished!
00:01:50.617125 GUI: UIMediumEnumerator: Medium-enumeration finished!
00:02:43.729736 GUI: UIMediumEnumerator: Medium-enumeration finished!
00:03:47.045343 GUI: UIMediumEnumerator: Medium-enumeration finished!
00:04:44.522350 GUI: UIMediumEnumerator: Medium-enumeration finished!
00:06:12.590552 GUI: UIMediumEnumerator: Medium-enumeration finished!
00:07:37.162434 GUI: UIMediumEnumerator: Medium-enumeration finished!
00:08:55.863187 GUI: UICommon: Handling aboutToQuit request..
00:08:56.872072 GUI: UICommon: aboutToQuit request handled!
