2026-02-08 17:34:46.708 [info] Extension host with pid 9602 started
2026-02-08 17:34:46.774 [info] ExtensionService#_doActivateExtension vscode.github-authentication, startup: false, activationEvent: 'onAuthenticationRequest:github'
2026-02-08 17:34:46.821 [info] ExtensionService#_doActivateExtension vscode.git-base, startup: true, activationEvent: '*', root cause: vscode.git
2026-02-08 17:34:46.825 [info] ExtensionService#_doActivateExtension be5invis.vscode-custom-css, startup: true, activationEvent: '*'
2026-02-08 17:34:46.896 [info] ExtensionService#_doActivateExtension vscode.git, startup: true, activationEvent: '*'
2026-02-08 17:34:46.965 [info] ExtensionService#_doActivateExtension vscode.github, startup: true, activationEvent: '*'
2026-02-08 17:34:47.075 [info] Eager extensions activated
2026-02-08 17:34:47.080 [info] ExtensionService#_doActivateExtension vscode.debug-auto-launch, startup: false, activationEvent: 'onStartupFinished'
2026-02-08 17:34:47.082 [info] ExtensionService#_doActivateExtension vscode.merge-conflict, startup: false, activationEvent: 'onStartupFinished'
2026-02-08 17:34:47.102 [info] ExtensionService#_doActivateExtension alexdauenhauer.catppuccin-noctis-icons, startup: false, activationEvent: 'onStartupFinished'
2026-02-08 17:34:47.108 [info] ExtensionService#_doActivateExtension BrandonKirbyson.vscode-animations, startup: false, activationEvent: 'onStartupFinished'
2026-02-08 17:34:47.110 [info] ExtensionService#_doActivateExtension drcika.apc-extension, startup: false, activationEvent: 'onStartupFinished'
2026-02-08 17:34:47.116 [error] Activating extension drcika.apc-extension failed due to an error:
2026-02-08 17:34:47.116 [error] TypeError: Cannot read properties of undefined (reading 'filename')
	at Object.<anonymous> (/home/user/.vscode-oss/extensions/drcika.apc-extension-0.4.1-universal/dist/patch.js:17:52)
	at Module._compile (node:internal/modules/cjs/loader:1714:14)
	at Module._extensions..js (node:internal/modules/cjs/loader:1848:10)
	at Module.load (node:internal/modules/cjs/loader:1448:32)
	at Module._load (node:internal/modules/cjs/loader:1270:12)
	at c._load (node:electron/js2c/node_init:2:17993)
	at e._load (file:///usr/lib/code/out/vs/workbench/api/node/extensionHostProcess.js:404:6048)
	at t._load (file:///usr/lib/code/out/vs/workbench/api/node/extensionHostProcess.js:222:22598)
	at r._load (file:///usr/lib/code/out/vs/workbench/api/node/extensionHostProcess.js:214:24094)
	at TracingChannel.traceSync (node:diagnostics_channel:328:14)
	at wrapModuleLoad (node:internal/modules/cjs/loader:244:24)
	at Module.require (node:internal/modules/cjs/loader:1470:12)
	at require (node:internal/modules/helpers:147:16)
	at Object.<anonymous> (/home/user/.vscode-oss/extensions/drcika.apc-extension-0.4.1-universal/dist/extension.js:7:17)
	at Module._compile (node:internal/modules/cjs/loader:1714:14)
	at Module._extensions..js (node:internal/modules/cjs/loader:1848:10)
	at Module.load (node:internal/modules/cjs/loader:1448:32)
	at Module._load (node:internal/modules/cjs/loader:1270:12)
	at c._load (node:electron/js2c/node_init:2:17993)
	at e._load (file:///usr/lib/code/out/vs/workbench/api/node/extensionHostProcess.js:404:6048)
	at t._load (file:///usr/lib/code/out/vs/workbench/api/node/extensionHostProcess.js:222:22598)
	at r._load (file:///usr/lib/code/out/vs/workbench/api/node/extensionHostProcess.js:214:24094)
	at TracingChannel.traceSync (node:diagnostics_channel:328:14)
	at wrapModuleLoad (node:internal/modules/cjs/loader:244:24)
	at Module.require (node:internal/modules/cjs/loader:1470:12)
	at require (node:internal/modules/helpers:147:16)
	at HX.Cb (file:///usr/lib/code/out/vs/workbench/api/node/extensionHostProcess.js:253:1253)
2026-02-08 17:34:47.177 [error] CodeExpectedError: Unable to write into user settings. Please open the user settings to correct errors/warnings in it and try again.
    at rEt.z (vscode-file://vscode-app/usr/lib/code/out/vs/workbench/workbench.desktop.main.js:3853:6793)
    at rEt.p (vscode-file://vscode-app/usr/lib/code/out/vs/workbench/workbench.desktop.main.js:3853:4122)
    at rEt.o (vscode-file://vscode-app/usr/lib/code/out/vs/workbench/workbench.desktop.main.js:3853:4013)
    at async Object.factory (vscode-file://vscode-app/usr/lib/code/out/vs/workbench/workbench.desktop.main.js:3853:3763)
2026-02-08 17:34:47.180 [info] ExtensionService#_doActivateExtension vscode.configuration-editing, startup: false, activationEvent: 'onLanguage:jsonc'
2026-02-08 17:34:47.189 [info] ExtensionService#_doActivateExtension vscode.json-language-features, startup: false, activationEvent: 'onLanguage:jsonc'
2026-02-08 17:34:47.256 [info] ExtensionService#_doActivateExtension vscode.typescript-language-features, startup: false, activationEvent: 'onLanguage:jsonc'
2026-02-08 17:34:47.321 [info] ExtensionService#_doActivateExtension vscode.emmet, startup: false, activationEvent: 'onLanguage'
2026-02-08 17:34:47.343 [error] CodeExpectedError: Unable to write into user settings. Please open the user settings to correct errors/warnings in it and try again.
    at rEt.z (vscode-file://vscode-app/usr/lib/code/out/vs/workbench/workbench.desktop.main.js:3853:6793)
    at rEt.p (vscode-file://vscode-app/usr/lib/code/out/vs/workbench/workbench.desktop.main.js:3853:4122)
    at rEt.o (vscode-file://vscode-app/usr/lib/code/out/vs/workbench/workbench.desktop.main.js:3853:4013)
    at async Object.factory (vscode-file://vscode-app/usr/lib/code/out/vs/workbench/workbench.desktop.main.js:3853:3763)
2026-02-08 17:34:47.344 [error] CodeExpectedError: Unable to write into user settings. Please open the user settings to correct errors/warnings in it and try again.
    at rEt.z (vscode-file://vscode-app/usr/lib/code/out/vs/workbench/workbench.desktop.main.js:3853:6793)
    at rEt.p (vscode-file://vscode-app/usr/lib/code/out/vs/workbench/workbench.desktop.main.js:3853:4122)
    at rEt.o (vscode-file://vscode-app/usr/lib/code/out/vs/workbench/workbench.desktop.main.js:3853:4013)
    at async Object.factory (vscode-file://vscode-app/usr/lib/code/out/vs/workbench/workbench.desktop.main.js:3853:3763)
2026-02-08 17:34:48.418 [error] CodeExpectedError: Unable to write into user settings. Please open the user settings to correct errors/warnings in it and try again.
    at rEt.z (vscode-file://vscode-app/usr/lib/code/out/vs/workbench/workbench.desktop.main.js:3853:6793)
    at rEt.p (vscode-file://vscode-app/usr/lib/code/out/vs/workbench/workbench.desktop.main.js:3853:4122)
    at rEt.o (vscode-file://vscode-app/usr/lib/code/out/vs/workbench/workbench.desktop.main.js:3853:4013)
    at async Object.factory (vscode-file://vscode-app/usr/lib/code/out/vs/workbench/workbench.desktop.main.js:3853:3763)
2026-02-08 17:34:48.444 [error] CodeExpectedError: Unable to write into user settings. Please open the user settings to correct errors/warnings in it and try again.
    at rEt.z (vscode-file://vscode-app/usr/lib/code/out/vs/workbench/workbench.desktop.main.js:3853:6793)
    at rEt.p (vscode-file://vscode-app/usr/lib/code/out/vs/workbench/workbench.desktop.main.js:3853:4122)
    at rEt.o (vscode-file://vscode-app/usr/lib/code/out/vs/workbench/workbench.desktop.main.js:3853:4013)
    at async Object.factory (vscode-file://vscode-app/usr/lib/code/out/vs/workbench/workbench.desktop.main.js:3853:3763)
2026-02-08 17:34:48.458 [error] CodeExpectedError: Unable to write into user settings. Please open the user settings to correct errors/warnings in it and try again.
    at rEt.z (vscode-file://vscode-app/usr/lib/code/out/vs/workbench/workbench.desktop.main.js:3853:6793)
    at rEt.p (vscode-file://vscode-app/usr/lib/code/out/vs/workbench/workbench.desktop.main.js:3853:4122)
    at rEt.o (vscode-file://vscode-app/usr/lib/code/out/vs/workbench/workbench.desktop.main.js:3853:4013)
    at async Object.factory (vscode-file://vscode-app/usr/lib/code/out/vs/workbench/workbench.desktop.main.js:3853:3763)
2026-02-08 17:34:51.667 [error] CodeExpectedError: Unable to write into user settings. Please open the user settings to correct errors/warnings in it and try again.
    at rEt.z (vscode-file://vscode-app/usr/lib/code/out/vs/workbench/workbench.desktop.main.js:3853:6793)
    at rEt.p (vscode-file://vscode-app/usr/lib/code/out/vs/workbench/workbench.desktop.main.js:3853:4122)
    at rEt.o (vscode-file://vscode-app/usr/lib/code/out/vs/workbench/workbench.desktop.main.js:3853:4013)
    at async Object.factory (vscode-file://vscode-app/usr/lib/code/out/vs/workbench/workbench.desktop.main.js:3853:3763)
2026-02-08 17:34:51.678 [error] CodeExpectedError: Unable to write into user settings. Please open the user settings to correct errors/warnings in it and try again.
    at rEt.z (vscode-file://vscode-app/usr/lib/code/out/vs/workbench/workbench.desktop.main.js:3853:6793)
    at rEt.p (vscode-file://vscode-app/usr/lib/code/out/vs/workbench/workbench.desktop.main.js:3853:4122)
    at rEt.o (vscode-file://vscode-app/usr/lib/code/out/vs/workbench/workbench.desktop.main.js:3853:4013)
    at async Object.factory (vscode-file://vscode-app/usr/lib/code/out/vs/workbench/workbench.desktop.main.js:3853:3763)
2026-02-08 17:34:51.689 [error] CodeExpectedError: Unable to write into user settings. Please open the user settings to correct errors/warnings in it and try again.
    at rEt.z (vscode-file://vscode-app/usr/lib/code/out/vs/workbench/workbench.desktop.main.js:3853:6793)
    at rEt.p (vscode-file://vscode-app/usr/lib/code/out/vs/workbench/workbench.desktop.main.js:3853:4122)
    at rEt.o (vscode-file://vscode-app/usr/lib/code/out/vs/workbench/workbench.desktop.main.js:3853:4013)
    at async Object.factory (vscode-file://vscode-app/usr/lib/code/out/vs/workbench/workbench.desktop.main.js:3853:3763)
2026-02-08 17:34:52.026 [error] CodeExpectedError: Unable to write into user settings. Please open the user settings to correct errors/warnings in it and try again.
    at rEt.z (vscode-file://vscode-app/usr/lib/code/out/vs/workbench/workbench.desktop.main.js:3853:6793)
    at rEt.p (vscode-file://vscode-app/usr/lib/code/out/vs/workbench/workbench.desktop.main.js:3853:4122)
    at rEt.o (vscode-file://vscode-app/usr/lib/code/out/vs/workbench/workbench.desktop.main.js:3853:4013)
    at async Object.factory (vscode-file://vscode-app/usr/lib/code/out/vs/workbench/workbench.desktop.main.js:3853:3763)
2026-02-08 17:34:52.035 [error] CodeExpectedError: Unable to write into user settings. Please open the user settings to correct errors/warnings in it and try again.
    at rEt.z (vscode-file://vscode-app/usr/lib/code/out/vs/workbench/workbench.desktop.main.js:3853:6793)
    at rEt.p (vscode-file://vscode-app/usr/lib/code/out/vs/workbench/workbench.desktop.main.js:3853:4122)
    at rEt.o (vscode-file://vscode-app/usr/lib/code/out/vs/workbench/workbench.desktop.main.js:3853:4013)
    at async Object.factory (vscode-file://vscode-app/usr/lib/code/out/vs/workbench/workbench.desktop.main.js:3853:3763)
2026-02-08 17:34:52.042 [error] CodeExpectedError: Unable to write into user settings. Please open the user settings to correct errors/warnings in it and try again.
    at rEt.z (vscode-file://vscode-app/usr/lib/code/out/vs/workbench/workbench.desktop.main.js:3853:6793)
    at rEt.p (vscode-file://vscode-app/usr/lib/code/out/vs/workbench/workbench.desktop.main.js:3853:4122)
    at rEt.o (vscode-file://vscode-app/usr/lib/code/out/vs/workbench/workbench.desktop.main.js:3853:4013)
    at async Object.factory (vscode-file://vscode-app/usr/lib/code/out/vs/workbench/workbench.desktop.main.js:3853:3763)
2026-02-08 17:34:53.327 [error] CodeExpectedError: Unable to write into user settings. Please open the user settings to correct errors/warnings in it and try again.
    at rEt.z (vscode-file://vscode-app/usr/lib/code/out/vs/workbench/workbench.desktop.main.js:3853:6793)
    at rEt.p (vscode-file://vscode-app/usr/lib/code/out/vs/workbench/workbench.desktop.main.js:3853:4122)
    at rEt.o (vscode-file://vscode-app/usr/lib/code/out/vs/workbench/workbench.desktop.main.js:3853:4013)
    at async Object.factory (vscode-file://vscode-app/usr/lib/code/out/vs/workbench/workbench.desktop.main.js:3853:3763)
2026-02-08 17:34:53.334 [error] CodeExpectedError: Unable to write into user settings. Please open the user settings to correct errors/warnings in it and try again.
    at rEt.z (vscode-file://vscode-app/usr/lib/code/out/vs/workbench/workbench.desktop.main.js:3853:6793)
    at rEt.p (vscode-file://vscode-app/usr/lib/code/out/vs/workbench/workbench.desktop.main.js:3853:4122)
    at rEt.o (vscode-file://vscode-app/usr/lib/code/out/vs/workbench/workbench.desktop.main.js:3853:4013)
    at async Object.factory (vscode-file://vscode-app/usr/lib/code/out/vs/workbench/workbench.desktop.main.js:3853:3763)
2026-02-08 17:34:53.342 [error] CodeExpectedError: Unable to write into user settings. Please open the user settings to correct errors/warnings in it and try again.
    at rEt.z (vscode-file://vscode-app/usr/lib/code/out/vs/workbench/workbench.desktop.main.js:3853:6793)
    at rEt.p (vscode-file://vscode-app/usr/lib/code/out/vs/workbench/workbench.desktop.main.js:3853:4122)
    at rEt.o (vscode-file://vscode-app/usr/lib/code/out/vs/workbench/workbench.desktop.main.js:3853:4013)
    at async Object.factory (vscode-file://vscode-app/usr/lib/code/out/vs/workbench/workbench.desktop.main.js:3853:3763)
2026-02-08 17:34:54.335 [info] Extension host terminating: renderer closed the MessagePort
2026-02-08 17:34:54.354 [info] Extension host with pid 9602 exiting with code 0
