2026-02-12 19:55:28.037 [info] Extension host with pid 94838 started
2026-02-12 19:55:28.037 [info] Skipping acquiring lock for /home/user/.config/Code - OSS/User/workspaceStorage/7fa3a36753369424c5d94aac9be7f1b5.
2026-02-12 19:55:28.210 [info] ExtensionService#_doActivateExtension vscode.github-authentication, startup: false, activationEvent: 'onAuthenticationRequest:github'
2026-02-12 19:55:28.242 [info] ExtensionService#_doActivateExtension vscode.emmet, startup: false, activationEvent: 'onLanguage'
2026-02-12 19:55:28.355 [info] ExtensionService#_doActivateExtension vscode.git-base, startup: true, activationEvent: '*', root cause: vscode.git
2026-02-12 19:55:28.360 [info] ExtensionService#_doActivateExtension be5invis.vscode-custom-css, startup: true, activationEvent: '*'
2026-02-12 19:55:28.416 [info] ExtensionService#_doActivateExtension vscode.git, startup: true, activationEvent: '*'
2026-02-12 19:55:28.498 [info] ExtensionService#_doActivateExtension vscode.github, startup: true, activationEvent: '*'
2026-02-12 19:55:28.642 [info] Eager extensions activated
2026-02-12 19:55:28.653 [info] ExtensionService#_doActivateExtension vscode.debug-auto-launch, startup: false, activationEvent: 'onStartupFinished'
2026-02-12 19:55:28.657 [info] ExtensionService#_doActivateExtension vscode.merge-conflict, startup: false, activationEvent: 'onStartupFinished'
2026-02-12 19:55:28.679 [info] ExtensionService#_doActivateExtension alexdauenhauer.catppuccin-noctis-icons, startup: false, activationEvent: 'onStartupFinished'
2026-02-12 19:55:28.684 [info] ExtensionService#_doActivateExtension BrandonKirbyson.vscode-animations, startup: false, activationEvent: 'onStartupFinished'
2026-02-12 19:55:28.687 [info] ExtensionService#_doActivateExtension drcika.apc-extension, startup: false, activationEvent: 'onStartupFinished'
2026-02-12 19:55:28.693 [error] Activating extension drcika.apc-extension failed due to an error:
2026-02-12 19:55:28.693 [error] TypeError: Cannot read properties of undefined (reading 'filename')
	at Object.<anonymous> (/home/user/.vscode-oss/extensions/drcika.apc-extension-0.4.1-universal/dist/patch.js:17:52)
	at Module._compile (node:internal/modules/cjs/loader:1714:14)
	at Module._extensions..js (node:internal/modules/cjs/loader:1848:10)
	at Module.load (node:internal/modules/cjs/loader:1448:32)
	at Module._load (node:internal/modules/cjs/loader:1270:12)
	at c._load (node:electron/js2c/node_init:2:17993)
	at e._load (file:///usr/lib/code/out/vs/workbench/api/node/extensionHostProcess.js:405:6054)
	at t._load (file:///usr/lib/code/out/vs/workbench/api/node/extensionHostProcess.js:223:22748)
	at s._load (file:///usr/lib/code/out/vs/workbench/api/node/extensionHostProcess.js:215:24706)
	at TracingChannel.traceSync (node:diagnostics_channel:328:14)
	at wrapModuleLoad (node:internal/modules/cjs/loader:244:24)
	at Module.require (node:internal/modules/cjs/loader:1470:12)
	at require (node:internal/modules/helpers:147:16)
	at Object.<anonymous> (/home/user/.vscode-oss/extensions/drcika.apc-extension-0.4.1-universal/dist/extension.js:7:17)
	at Module._compile (node:internal/modules/cjs/loader:1714:14)
	at Module._extensions..js (node:internal/modules/cjs/loader:1848:10)
	at Module.load (node:internal/modules/cjs/loader:1448:32)
	at Module._load (node:internal/modules/cjs/loader:1270:12)
	at c._load (node:electron/js2c/node_init:2:17993)
	at e._load (file:///usr/lib/code/out/vs/workbench/api/node/extensionHostProcess.js:405:6054)
	at t._load (file:///usr/lib/code/out/vs/workbench/api/node/extensionHostProcess.js:223:22748)
	at s._load (file:///usr/lib/code/out/vs/workbench/api/node/extensionHostProcess.js:215:24706)
	at TracingChannel.traceSync (node:diagnostics_channel:328:14)
	at wrapModuleLoad (node:internal/modules/cjs/loader:244:24)
	at Module.require (node:internal/modules/cjs/loader:1470:12)
	at require (node:internal/modules/helpers:147:16)
	at GK.Cb (file:///usr/lib/code/out/vs/workbench/api/node/extensionHostProcess.js:254:1253)
2026-02-12 19:55:28.805 [error] CodeExpectedError: Unable to write into user settings. Please open the user settings to correct errors/warnings in it and try again.
    at jTt.z (vscode-file://vscode-app/usr/lib/code/out/vs/workbench/workbench.desktop.main.js:4142:6793)
    at jTt.p (vscode-file://vscode-app/usr/lib/code/out/vs/workbench/workbench.desktop.main.js:4142:4122)
    at jTt.o (vscode-file://vscode-app/usr/lib/code/out/vs/workbench/workbench.desktop.main.js:4142:4013)
    at async Object.factory (vscode-file://vscode-app/usr/lib/code/out/vs/workbench/workbench.desktop.main.js:4142:3763)
2026-02-12 19:55:28.823 [info] ExtensionService#_doActivateExtension vscode.configuration-editing, startup: false, activationEvent: 'onLanguage:jsonc'
2026-02-12 19:55:28.833 [info] ExtensionService#_doActivateExtension vscode.json-language-features, startup: false, activationEvent: 'onLanguage:jsonc'
2026-02-12 19:55:28.901 [info] ExtensionService#_doActivateExtension vscode.typescript-language-features, startup: false, activationEvent: 'onLanguage:jsonc'
2026-02-12 19:55:28.960 [error] CodeExpectedError: Unable to write into user settings. Please open the user settings to correct errors/warnings in it and try again.
    at jTt.z (vscode-file://vscode-app/usr/lib/code/out/vs/workbench/workbench.desktop.main.js:4142:6793)
    at jTt.p (vscode-file://vscode-app/usr/lib/code/out/vs/workbench/workbench.desktop.main.js:4142:4122)
    at jTt.o (vscode-file://vscode-app/usr/lib/code/out/vs/workbench/workbench.desktop.main.js:4142:4013)
    at async Object.factory (vscode-file://vscode-app/usr/lib/code/out/vs/workbench/workbench.desktop.main.js:4142:3763)
2026-02-12 19:55:28.961 [error] CodeExpectedError: Unable to write into user settings. Please open the user settings to correct errors/warnings in it and try again.
    at jTt.z (vscode-file://vscode-app/usr/lib/code/out/vs/workbench/workbench.desktop.main.js:4142:6793)
    at jTt.p (vscode-file://vscode-app/usr/lib/code/out/vs/workbench/workbench.desktop.main.js:4142:4122)
    at jTt.o (vscode-file://vscode-app/usr/lib/code/out/vs/workbench/workbench.desktop.main.js:4142:4013)
    at async Object.factory (vscode-file://vscode-app/usr/lib/code/out/vs/workbench/workbench.desktop.main.js:4142:3763)
2026-02-12 19:55:28.962 [error] CodeExpectedError: Unable to write into user settings. Please open the user settings to correct errors/warnings in it and try again.
    at jTt.z (vscode-file://vscode-app/usr/lib/code/out/vs/workbench/workbench.desktop.main.js:4142:6793)
    at jTt.p (vscode-file://vscode-app/usr/lib/code/out/vs/workbench/workbench.desktop.main.js:4142:4122)
    at jTt.o (vscode-file://vscode-app/usr/lib/code/out/vs/workbench/workbench.desktop.main.js:4142:4013)
    at async Object.factory (vscode-file://vscode-app/usr/lib/code/out/vs/workbench/workbench.desktop.main.js:4142:3763)
2026-02-12 19:55:28.963 [error] CodeExpectedError: Unable to write into user settings. Please open the user settings to correct errors/warnings in it and try again.
    at jTt.z (vscode-file://vscode-app/usr/lib/code/out/vs/workbench/workbench.desktop.main.js:4142:6793)
    at jTt.p (vscode-file://vscode-app/usr/lib/code/out/vs/workbench/workbench.desktop.main.js:4142:4122)
    at jTt.o (vscode-file://vscode-app/usr/lib/code/out/vs/workbench/workbench.desktop.main.js:4142:4013)
    at async Object.factory (vscode-file://vscode-app/usr/lib/code/out/vs/workbench/workbench.desktop.main.js:4142:3763)
2026-02-12 19:55:28.963 [error] CodeExpectedError: Unable to write into user settings. Please open the user settings to correct errors/warnings in it and try again.
    at jTt.z (vscode-file://vscode-app/usr/lib/code/out/vs/workbench/workbench.desktop.main.js:4142:6793)
    at jTt.p (vscode-file://vscode-app/usr/lib/code/out/vs/workbench/workbench.desktop.main.js:4142:4122)
    at jTt.o (vscode-file://vscode-app/usr/lib/code/out/vs/workbench/workbench.desktop.main.js:4142:4013)
    at async Object.factory (vscode-file://vscode-app/usr/lib/code/out/vs/workbench/workbench.desktop.main.js:4142:3763)
2026-02-12 19:55:29.556 [error] CodeExpectedError: Unable to write into user settings. Please open the user settings to correct errors/warnings in it and try again.
    at jTt.z (vscode-file://vscode-app/usr/lib/code/out/vs/workbench/workbench.desktop.main.js:4142:6793)
    at jTt.p (vscode-file://vscode-app/usr/lib/code/out/vs/workbench/workbench.desktop.main.js:4142:4122)
    at jTt.o (vscode-file://vscode-app/usr/lib/code/out/vs/workbench/workbench.desktop.main.js:4142:4013)
    at async Object.factory (vscode-file://vscode-app/usr/lib/code/out/vs/workbench/workbench.desktop.main.js:4142:3763)
2026-02-12 19:55:29.585 [error] CodeExpectedError: Unable to write into user settings. Please open the user settings to correct errors/warnings in it and try again.
    at jTt.z (vscode-file://vscode-app/usr/lib/code/out/vs/workbench/workbench.desktop.main.js:4142:6793)
    at jTt.p (vscode-file://vscode-app/usr/lib/code/out/vs/workbench/workbench.desktop.main.js:4142:4122)
    at jTt.o (vscode-file://vscode-app/usr/lib/code/out/vs/workbench/workbench.desktop.main.js:4142:4013)
    at async Object.factory (vscode-file://vscode-app/usr/lib/code/out/vs/workbench/workbench.desktop.main.js:4142:3763)
2026-02-12 19:55:29.599 [error] CodeExpectedError: Unable to write into user settings. Please open the user settings to correct errors/warnings in it and try again.
    at jTt.z (vscode-file://vscode-app/usr/lib/code/out/vs/workbench/workbench.desktop.main.js:4142:6793)
    at jTt.p (vscode-file://vscode-app/usr/lib/code/out/vs/workbench/workbench.desktop.main.js:4142:4122)
    at jTt.o (vscode-file://vscode-app/usr/lib/code/out/vs/workbench/workbench.desktop.main.js:4142:4013)
    at async Object.factory (vscode-file://vscode-app/usr/lib/code/out/vs/workbench/workbench.desktop.main.js:4142:3763)
2026-02-12 19:55:31.340 [info] Extension host terminating: renderer closed the MessagePort
2026-02-12 19:55:31.354 [info] Extension host with pid 94838 exiting with code 0
